[    0.000000] Initializing cgroup subsys cpuset
[    0.000000] Initializing cgroup subsys cpu
[    0.000000] Initializing cgroup subsys cpuacct
[    0.000000] Linux version 4.4.0-142-generic (buildd@lcy01-amd64-006) (gcc version 4.8.4 (Ubuntu 4.8.4-2ubuntu1~14.04.4) ) #168~14.04.1-Ubuntu SMP Sat Jan 19 11:26:28 UTC 2019 (Ubuntu 4.4.0-142.168~14.04.1-generic 4.4.167)
[    0.000000] Command line: BOOT_IMAGE=/vmlinuz-4.4.0-142-generic root=/dev/mapper/versa--networks--vg-root ro
[    0.000000] KERNEL supported cpus:
[    0.000000]   Intel GenuineIntel
[    0.000000]   AMD AuthenticAMD
[    0.000000]   Centaur CentaurHauls
[    0.000000] x86/fpu: xstate_offset[2]:  576, xstate_sizes[2]:  256
[    0.000000] x86/fpu: Supporting XSAVE feature 0x01: 'x87 floating point registers'
[    0.000000] x86/fpu: Supporting XSAVE feature 0x02: 'SSE registers'
[    0.000000] x86/fpu: Supporting XSAVE feature 0x04: 'AVX registers'
[    0.000000] x86/fpu: Enabled xstate features 0x7, context size is 832 bytes, using 'standard' format.
[    0.000000] e820: BIOS-provided physical RAM map:
[    0.000000] BIOS-e820: [mem 0x0000000000000000-0x000000000009fbff] usable
[    0.000000] BIOS-e820: [mem 0x000000000009fc00-0x000000000009ffff] reserved
[    0.000000] BIOS-e820: [mem 0x00000000000f0000-0x00000000000fffff] reserved
[    0.000000] BIOS-e820: [mem 0x0000000000100000-0x000000003ffeffff] usable
[    0.000000] BIOS-e820: [mem 0x000000003fff0000-0x000000003fffffff] ACPI data
[    0.000000] BIOS-e820: [mem 0x00000000fec00000-0x00000000fec00fff] reserved
[    0.000000] BIOS-e820: [mem 0x00000000fee00000-0x00000000fee00fff] reserved
[    0.000000] BIOS-e820: [mem 0x00000000fffc0000-0x00000000ffffffff] reserved
[    0.000000] NX (Execute Disable) protection: active
[    0.000000] SMBIOS 2.5 present.
[    0.000000] DMI: innotek GmbH VirtualBox/VirtualBox, BIOS VirtualBox 12/01/2006
[    0.000000] Hypervisor detected: KVM
[    0.000000] e820: update [mem 0x00000000-0x00000fff] usable ==> reserved
[    0.000000] e820: remove [mem 0x000a0000-0x000fffff] usable
[    0.000000] e820: last_pfn = 0x3fff0 max_arch_pfn = 0x400000000
[    0.000000] MTRR default type: uncachable
[    0.000000] MTRR variable ranges disabled:
[    0.000000] MTRR: Disabled
[    0.000000] x86/PAT: MTRRs disabled, skipping PAT initialization too.
[    0.000000] CPU MTRRs all blank - virtualized system.
[    0.000000] x86/PAT: Configuration [0-7]: WB  WT  UC- UC  WB  WT  UC- UC  
[    0.000000] found SMP MP-table at [mem 0x0009fff0-0x0009ffff] mapped at [ffff88000009fff0]
[    0.000000] Scanning 1 areas for low memory corruption
[    0.000000] Base memory trampoline at [ffff880000098000] 98000 size 28672
[    0.000000] BRK [0x02219000, 0x02219fff] PGTABLE
[    0.000000] BRK [0x0221a000, 0x0221afff] PGTABLE
[    0.000000] BRK [0x0221b000, 0x0221bfff] PGTABLE
[    0.000000] BRK [0x0221c000, 0x0221cfff] PGTABLE
[    0.000000] RAMDISK: [mem 0x3501c000-0x36805fff]
[    0.000000] ACPI: Early table checksum verification disabled
[    0.000000] ACPI: RSDP 0x00000000000E0000 000024 (v02 VBOX  )
[    0.000000] ACPI: XSDT 0x000000003FFF0030 00003C (v01 VBOX   VBOXXSDT 00000001 ASL  00000061)
[    0.000000] ACPI: FACP 0x000000003FFF00F0 0000F4 (v04 VBOX   VBOXFACP 00000001 ASL  00000061)
[    0.000000] ACPI: DSDT 0x000000003FFF0470 0022EA (v02 VBOX   VBOXBIOS 00000002 INTL 20100528)
[    0.000000] ACPI: FACS 0x000000003FFF0200 000040
[    0.000000] ACPI: FACS 0x000000003FFF0200 000040
[    0.000000] ACPI: APIC 0x000000003FFF0240 000054 (v02 VBOX   VBOXAPIC 00000001 ASL  00000061)
[    0.000000] ACPI: SSDT 0x000000003FFF02A0 0001CC (v01 VBOX   VBOXCPUT 00000002 INTL 20100528)
[    0.000000] ACPI: Local APIC address 0xfee00000
[    0.000000] No NUMA configuration found
[    0.000000] Faking a node at [mem 0x0000000000000000-0x000000003ffeffff]
[    0.000000] NODE_DATA(0) allocated [mem 0x3ffeb000-0x3ffeffff]
[    0.000000] kvm-clock: Using msrs 4b564d01 and 4b564d00
[    0.000000] kvm-clock: cpu 0, msr 0:3ffe3001, primary cpu clock
[    0.000000] kvm-clock: using sched offset of 6635433476 cycles
[    0.000000] clocksource: kvm-clock: mask: 0xffffffffffffffff max_cycles: 0x1cd42e4dffb, max_idle_ns: 881590591483 ns
[    0.000000] Zone ranges:
[    0.000000]   DMA      [mem 0x0000000000001000-0x0000000000ffffff]
[    0.000000]   DMA32    [mem 0x0000000001000000-0x000000003ffeffff]
[    0.000000]   Normal   empty
[    0.000000]   Device   empty
[    0.000000] Movable zone start for each node
[    0.000000] Early memory node ranges
[    0.000000]   node   0: [mem 0x0000000000001000-0x000000000009efff]
[    0.000000]   node   0: [mem 0x0000000000100000-0x000000003ffeffff]
[    0.000000] Initmem setup node 0 [mem 0x0000000000001000-0x000000003ffeffff]
[    0.000000] On node 0 totalpages: 262030
[    0.000000]   DMA zone: 64 pages used for memmap
[    0.000000]   DMA zone: 22 pages reserved
[    0.000000]   DMA zone: 3998 pages, LIFO batch:0
[    0.000000]   DMA32 zone: 4032 pages used for memmap
[    0.000000]   DMA32 zone: 258032 pages, LIFO batch:31
[    0.000000] ACPI: PM-Timer IO Port: 0x4008
[    0.000000] ACPI: Local APIC address 0xfee00000
[    0.000000] IOAPIC[0]: apic_id 1, version 32, address 0xfec00000, GSI 0-23
[    0.000000] ACPI: INT_SRC_OVR (bus 0 bus_irq 0 global_irq 2 dfl dfl)
[    0.000000] ACPI: INT_SRC_OVR (bus 0 bus_irq 9 global_irq 9 low level)
[    0.000000] ACPI: IRQ0 used by override.
[    0.000000] ACPI: IRQ9 used by override.
[    0.000000] Using ACPI (MADT) for SMP configuration information
[    0.000000] smpboot: Allowing 1 CPUs, 0 hotplug CPUs
[    0.000000] PM: Registered nosave memory: [mem 0x00000000-0x00000fff]
[    0.000000] PM: Registered nosave memory: [mem 0x0009f000-0x0009ffff]
[    0.000000] PM: Registered nosave memory: [mem 0x000a0000-0x000effff]
[    0.000000] PM: Registered nosave memory: [mem 0x000f0000-0x000fffff]
[    0.000000] e820: [mem 0x40000000-0xfebfffff] available for PCI devices
[    0.000000] Booting paravirtualized kernel on KVM
[    0.000000] clocksource: refined-jiffies: mask: 0xffffffff max_cycles: 0xffffffff, max_idle_ns: 7645519600211568 ns
[    0.000000] setup_percpu: NR_CPUS:512 nr_cpumask_bits:512 nr_cpu_ids:1 nr_node_ids:1
[    0.000000] PERCPU: Embedded 34 pages/cpu @ffff88003fc00000 s99480 r8192 d31592 u2097152
[    0.000000] pcpu-alloc: s99480 r8192 d31592 u2097152 alloc=1*2097152
[    0.000000] pcpu-alloc: [0] 0 
[    0.000000] Built 1 zonelists in Node order, mobility grouping on.  Total pages: 257912
[    0.000000] Policy zone: DMA32
[    0.000000] Kernel command line: BOOT_IMAGE=/vmlinuz-4.4.0-142-generic root=/dev/mapper/versa--networks--vg-root ro
[    0.000000] PID hash table entries: 4096 (order: 3, 32768 bytes)
[    0.000000] Calgary: detecting Calgary via BIOS EBDA area
[    0.000000] Calgary: Unable to locate Rio Grande table in EBDA - bailing!
[    0.000000] Memory: 988164K/1048120K available (8390K kernel code, 1341K rwdata, 4024K rodata, 1492K init, 1316K bss, 59956K reserved, 0K cma-reserved)
[    0.000000] SLUB: HWalign=64, Order=0-3, MinObjects=0, CPUs=1, Nodes=1
[    0.000000] Kernel/User page tables isolation: enabled
[    0.000000] Hierarchical RCU implementation.
[    0.000000] 	Build-time adjustment of leaf fanout to 64.
[    0.000000] 	RCU restricting CPUs from NR_CPUS=512 to nr_cpu_ids=1.
[    0.000000] RCU: Adjusting geometry for rcu_fanout_leaf=64, nr_cpu_ids=1
[    0.000000] NR_IRQS:33024 nr_irqs:256 16
[    0.000000] Console: colour VGA+ 80x25
[    0.000000] console [tty0] enabled
[    0.000000] tsc: Detected 1800.002 MHz processor
[    0.112404] Calibrating delay loop (skipped) preset value.. 3600.00 BogoMIPS (lpj=7200008)
[    0.113411] pid_max: default: 32768 minimum: 301
[    0.113948] ACPI: Core revision 20150930
[    0.117156] ACPI: 2 ACPI AML tables successfully acquired and loaded
[    0.117921] Security Framework initialized
[    0.118420] Yama: becoming mindful.
[    0.118912] AppArmor: AppArmor initialized
[    0.119530] Dentry cache hash table entries: 131072 (order: 8, 1048576 bytes)
[    0.120428] Inode-cache hash table entries: 65536 (order: 7, 524288 bytes)
[    0.121118] Mount-cache hash table entries: 2048 (order: 2, 16384 bytes)
[    0.121724] Mountpoint-cache hash table entries: 2048 (order: 2, 16384 bytes)
[    0.122565] Initializing cgroup subsys io
[    0.123084] Initializing cgroup subsys memory
[    0.123611] Initializing cgroup subsys devices
[    0.124123] Initializing cgroup subsys freezer
[    0.124950] Initializing cgroup subsys net_cls
[    0.125466] Initializing cgroup subsys perf_event
[    0.126005] Initializing cgroup subsys net_prio
[    0.126536] Initializing cgroup subsys hugetlb
[    0.127048] Initializing cgroup subsys pids
[    0.128978] mce: CPU supports 0 MCE banks
[    0.129521] process: using mwait in idle threads
[    0.130048] Last level iTLB entries: 4KB 64, 2MB 8, 4MB 8
[    0.130613] Last level dTLB entries: 4KB 64, 2MB 0, 4MB 0, 1GB 4
[    0.131215] Spectre V2 : Mitigation: Full generic retpoline
[    0.131841] Spectre V2 : Spectre v2 / SpectreRSB mitigation: Filling RSB on context switch
[    0.132787] Speculative Store Bypass: Vulnerable
[    0.172302] Freeing SMP alternatives memory: 32K
[    0.181851] ftrace: allocating 32313 entries in 127 pages
[    0.274738] smpboot: APIC(0) Converting physical 0 to logical package 0
[    0.275322] smpboot: Max logical packages: 1
[    0.276140] x2apic enabled
[    0.276879] Switched APIC routing to physical x2apic.
[    0.278913] ..TIMER: vector=0x30 apic1=0 pin1=2 apic2=-1 pin2=-1
[    0.380717] smpboot: CPU0: Intel(R) Core(TM) i5-8250U CPU @ 1.60GHz (family: 0x6, model: 0x8e, stepping: 0xa)
[    0.381960] Performance Events: unsupported p6 CPU model 142 no PMU driver, software events only.
[    0.397663] KVM setup paravirtual spinlock
[    0.399307] x86: Booted up 1 node, 1 CPUs
[    0.399809] smpboot: Total of 1 processors activated (3600.00 BogoMIPS)
[    0.400719] devtmpfs: initialized
[    0.403606] evm: security.selinux
[    0.404060] evm: security.SMACK64
[    0.404510] evm: security.SMACK64EXEC
[    0.404972] evm: security.SMACK64TRANSMUTE
[    0.405450] evm: security.SMACK64MMAP
[    0.405913] evm: security.ima
[    0.406349] evm: security.capability
[    0.406941] clocksource: jiffies: mask: 0xffffffff max_cycles: 0xffffffff, max_idle_ns: 7645041785100000 ns
[    0.407903] futex hash table entries: 256 (order: 2, 16384 bytes)
[    0.408534] pinctrl core: initialized pinctrl subsystem
[    0.409204] RTC time: 10:28:00, date: 12/24/19
[    0.409924] NET: Registered protocol family 16
[    0.410595] cpuidle: using governor ladder
[    0.411077] cpuidle: using governor menu
[    0.411552] PCCT header not found.
[    0.412062] ACPI: bus type PCI registered
[    0.412539] acpiphp: ACPI Hot Plug PCI Controller Driver version: 0.5
[    0.413247] PCI: Using configuration type 1 for base access
[    0.415565] ACPI: Added _OSI(Module Device)
[    0.416061] ACPI: Added _OSI(Processor Device)
[    0.416558] ACPI: Added _OSI(3.0 _SCP Extensions)
[    0.417055] ACPI: Added _OSI(Processor Aggregator Device)
[    0.418773] ACPI: Executed 1 blocks of module-level executable AML code
[    0.422471] ACPI: Interpreter enabled
[    0.422946] ACPI: (supports S0 S5)
[    0.423398] ACPI: Using IOAPIC for interrupt routing
[    0.424139] PCI: Using host bridge windows from ACPI; if necessary, use "pci=nocrs" and report a bug
[    0.430187] ACPI: PCI Root Bridge [PCI0] (domain 0000 [bus 00-ff])
[    0.430783] acpi PNP0A03:00: _OSC: OS supports [ASPM ClockPM Segments MSI]
[    0.431918] acpi PNP0A03:00: _OSC: not requesting OS control; OS requires [ExtendedConfig ASPM ClockPM MSI]
[    0.432906] acpi PNP0A03:00: fail to add MMCONFIG information, can't access extended PCI configuration space under this bridge.
[    0.434328] PCI host bridge to bus 0000:00
[    0.434810] pci_bus 0000:00: root bus resource [io  0x0000-0x0cf7 window]
[    0.435399] pci_bus 0000:00: root bus resource [io  0x0d00-0xffff window]
[    0.435976] pci_bus 0000:00: root bus resource [mem 0x000a0000-0x000bffff window]
[    0.436839] pci_bus 0000:00: root bus resource [mem 0x40000000-0xfdffffff window]
[    0.437703] pci_bus 0000:00: root bus resource [bus 00-ff]
[    0.438594] pci 0000:00:00.0: [8086:1237] type 00 class 0x060000
[    0.439447] pci 0000:00:01.0: [8086:7000] type 00 class 0x060100
[    0.440408] pci 0000:00:01.1: [8086:7111] type 00 class 0x01018a
[    0.440994] pci 0000:00:01.1: reg 0x20: [io  0xd000-0xd00f]
[    0.441236] pci 0000:00:01.1: legacy IDE quirk: reg 0x10: [io  0x01f0-0x01f7]
[    0.441832] pci 0000:00:01.1: legacy IDE quirk: reg 0x14: [io  0x03f6]
[    0.442398] pci 0000:00:01.1: legacy IDE quirk: reg 0x18: [io  0x0170-0x0177]
[    0.442988] pci 0000:00:01.1: legacy IDE quirk: reg 0x1c: [io  0x0376]
[    0.443835] pci 0000:00:02.0: [15ad:0405] type 00 class 0x030000
[    0.445107] pci 0000:00:02.0: reg 0x10: [io  0xd010-0xd01f]
[    0.446130] pci 0000:00:02.0: reg 0x14: [mem 0xf0000000-0xf0ffffff]
[    0.446993] pci 0000:00:02.0: reg 0x18: [mem 0xf1000000-0xf11fffff]
[    0.452067] pci 0000:00:03.0: [8086:100e] type 00 class 0x020000
[    0.452899] pci 0000:00:03.0: reg 0x10: [mem 0xf1200000-0xf121ffff]
[    0.453788] pci 0000:00:03.0: reg 0x18: [io  0xd020-0xd027]
[    0.456008] pci 0000:00:04.0: [80ee:cafe] type 00 class 0x088000
[    0.456557] pci 0000:00:04.0: reg 0x10: [io  0xd040-0xd05f]
[    0.457093] pci 0000:00:04.0: reg 0x14: [mem 0xf1400000-0xf17fffff]
[    0.457561] pci 0000:00:04.0: reg 0x18: [mem 0xf1800000-0xf1803fff pref]
[    0.459683] pci 0000:00:05.0: [8086:2415] type 00 class 0x040100
[    0.459872] pci 0000:00:05.0: reg 0x10: [io  0xd100-0xd1ff]
[    0.459989] pci 0000:00:05.0: reg 0x14: [io  0xd200-0xd23f]
[    0.461228] pci 0000:00:06.0: [106b:003f] type 00 class 0x0c0310
[    0.461900] pci 0000:00:06.0: reg 0x10: [mem 0xf1804000-0xf1804fff]
[    0.465178] pci 0000:00:07.0: [8086:7113] type 00 class 0x068000
[    0.466010] pci 0000:00:07.0: quirk: [io  0x4000-0x403f] claimed by PIIX4 ACPI
[    0.466933] pci 0000:00:07.0: quirk: [io  0x4100-0x410f] claimed by PIIX4 SMB
[    0.467942] pci 0000:00:0d.0: [8086:2829] type 00 class 0x010601
[    0.468928] pci 0000:00:0d.0: reg 0x10: [io  0xd240-0xd247]
[    0.469735] pci 0000:00:0d.0: reg 0x14: [io  0xd248-0xd24b]
[    0.470378] pci 0000:00:0d.0: reg 0x18: [io  0xd250-0xd257]
[    0.470878] pci 0000:00:0d.0: reg 0x1c: [io  0xd258-0xd25b]
[    0.471345] pci 0000:00:0d.0: reg 0x20: [io  0xd260-0xd26f]
[    0.471789] pci 0000:00:0d.0: reg 0x24: [mem 0xf1806000-0xf1807fff]
[    0.474208] ACPI: PCI Interrupt Link [LNKA] (IRQs 5 9 10 *11)
[    0.475491] ACPI: PCI Interrupt Link [LNKB] (IRQs 5 9 *10 11)
[    0.489660] ACPI: PCI Interrupt Link [LNKC] (IRQs 5 *9 10 11)
[    0.490761] ACPI: PCI Interrupt Link [LNKD] (IRQs 5 9 10 *11)
[    0.491898] ACPI: Enabled 2 GPEs in block 00 to 07
[    0.492815] vgaarb: setting as boot device: PCI:0000:00:02.0
[    0.493356] vgaarb: device added: PCI:0000:00:02.0,decodes=io+mem,owns=io+mem,locks=none
[    0.494245] vgaarb: loaded
[    0.494668] vgaarb: bridge control possible 0000:00:02.0
[    0.495522] SCSI subsystem initialized
[    0.496040] libata version 3.00 loaded.
[    0.496070] ACPI: bus type USB registered
[    0.496570] usbcore: registered new interface driver usbfs
[    0.497108] usbcore: registered new interface driver hub
[    0.497675] usbcore: registered new device driver usb
[    0.498542] PCI: Using ACPI for IRQ routing
[    0.499124] PCI: pci_cache_line_size set to 64 bytes
[    0.499418] e820: reserve RAM buffer [mem 0x0009fc00-0x0009ffff]
[    0.499424] e820: reserve RAM buffer [mem 0x3fff0000-0x3fffffff]
[    0.499572] NetLabel: Initializing
[    0.500044] NetLabel:  domain hash size = 128
[    0.500530] NetLabel:  protocols = UNLABELED CIPSOv4
[    0.501083] NetLabel:  unlabeled traffic allowed by default
[    0.501709] amd_nb: Cannot enumerate AMD northbridges
[    0.502248] clocksource: Switched to clocksource kvm-clock
[    0.517210] AppArmor: AppArmor Filesystem Enabled
[    0.517775] pnp: PnP ACPI init
[    0.518304] pnp 00:00: Plug and Play ACPI device, IDs PNP0303 (active)
[    0.518399] pnp 00:01: Plug and Play ACPI device, IDs PNP0f03 (active)
[    0.519195] pnp: PnP ACPI: found 2 devices
[    0.529264] clocksource: acpi_pm: mask: 0xffffff max_cycles: 0xffffff, max_idle_ns: 2085701024 ns
[    0.530266] pci_bus 0000:00: resource 4 [io  0x0000-0x0cf7 window]
[    0.530269] pci_bus 0000:00: resource 5 [io  0x0d00-0xffff window]
[    0.530272] pci_bus 0000:00: resource 6 [mem 0x000a0000-0x000bffff window]
[    0.530274] pci_bus 0000:00: resource 7 [mem 0x40000000-0xfdffffff window]
[    0.530338] NET: Registered protocol family 2
[    0.530966] TCP established hash table entries: 8192 (order: 4, 65536 bytes)
[    0.531657] TCP bind hash table entries: 8192 (order: 5, 131072 bytes)
[    0.532323] TCP: Hash tables configured (established 8192 bind 8192)
[    0.532929] UDP hash table entries: 512 (order: 2, 16384 bytes)
[    0.533462] UDP-Lite hash table entries: 512 (order: 2, 16384 bytes)
[    0.534049] NET: Registered protocol family 1
[    0.534531] pci 0000:00:00.0: Limiting direct PCI/PCI transfers
[    0.535119] pci 0000:00:01.0: Activating ISA DMA hang workarounds
[    0.535694] pci 0000:00:02.0: Video device with shadowed ROM
[    0.537266] PCI: CLS 0 bytes, default 64
[    0.537324] Unpacking initramfs...
[    0.981355] Freeing initrd memory: 24488K
[    0.981996] platform rtc_cmos: registered platform RTC device (no PNP device found)
[    0.982984] Scanning for low memory corruption every 60 seconds
[    0.983815] audit: initializing netlink subsys (disabled)
[    0.984339] audit: type=2000 audit(1577183288.739:1): initialized
[    0.985185] Initialise system trusted keyring
[    0.985751] HugeTLB registered 2 MB page size, pre-allocated 0 pages
[    0.988179] zbud: loaded
[    0.989004] VFS: Disk quotas dquot_6.6.0
[    0.989494] VFS: Dquot-cache hash table entries: 512 (order 0, 4096 bytes)
[    0.990330] squashfs: version 4.0 (2009/01/31) Phillip Lougher
[    0.991131] fuse init (API version 7.23)
[    0.991722] Key type big_key registered
[    0.992193] Allocating IMA MOK and blacklist keyrings.
[    0.992964] Key type asymmetric registered
[    0.993431] Asymmetric key parser 'x509' registered
[    0.993982] Block layer SCSI generic (bsg) driver version 0.4 loaded (major 249)
[    0.994840] io scheduler noop registered
[    0.995294] io scheduler deadline registered (default)
[    0.995827] io scheduler cfq registered
[    0.996377] pci_hotplug: PCI Hot Plug PCI Core version: 0.5
[    0.996895] pciehp: PCI Express Hot Plug Controller Driver version: 0.4
[    0.997695] ACPI: AC Adapter [AC] (on-line)
[    0.998263] input: Power Button as /devices/LNXSYSTM:00/LNXPWRBN:00/input/input0
[    0.999196] ACPI: Power Button [PWRF]
[    0.999792] input: Sleep Button as /devices/LNXSYSTM:00/LNXSLPBN:00/input/input1
[    1.000624] ACPI: Sleep Button [SLPF]
[    1.002060] ACPI: Battery Slot [BAT0] (battery present)
[    1.002653] GHES: HEST is not enabled!
[    1.003213] Serial: 8250/16550 driver, 32 ports, IRQ sharing enabled
[    1.005009] Linux agpgart interface v0.103
[    1.010733] loop: module loaded
[    1.011323] ata_piix 0000:00:01.1: version 2.13
[    1.011785] scsi host0: ata_piix
[    1.012287] scsi host1: ata_piix
[    1.012754] ata1: PATA max UDMA/33 cmd 0x1f0 ctl 0x3f6 bmdma 0xd000 irq 14
[    1.013313] ata2: PATA max UDMA/33 cmd 0x170 ctl 0x376 bmdma 0xd008 irq 15
[    1.014404] libphy: Fixed MDIO Bus: probed
[    1.014896] tun: Universal TUN/TAP device driver, 1.6
[    1.015465] tun: (C) 1999-2004 Max Krasnyansky <maxk@qualcomm.com>
[    1.016157] PPP generic driver version 2.4.2
[    1.016892] ehci_hcd: USB 2.0 'Enhanced' Host Controller (EHCI) Driver
[    1.017578] ehci-pci: EHCI PCI platform driver
[    1.018115] ehci-platform: EHCI generic platform driver
[    1.018656] ohci_hcd: USB 1.1 'Open' Host Controller (OHCI) Driver
[    1.019649] ohci-pci: OHCI PCI platform driver
[    1.020910] ohci-pci 0000:00:06.0: OHCI PCI host controller
[    1.021441] ohci-pci 0000:00:06.0: new USB bus registered, assigned bus number 1
[    1.022390] ohci-pci 0000:00:06.0: irq 22, io mem 0xf1804000
[    1.079263] usb usb1: New USB device found, idVendor=1d6b, idProduct=0001
[    1.079835] usb usb1: New USB device strings: Mfr=3, Product=2, SerialNumber=1
[    1.080694] usb usb1: Product: OHCI PCI host controller
[    1.081201] usb usb1: Manufacturer: Linux 4.4.0-142-generic ohci_hcd
[    1.081777] usb usb1: SerialNumber: 0000:00:06.0
[    1.082448] hub 1-0:1.0: USB hub found
[    1.082913] hub 1-0:1.0: 12 ports detected
[    1.083846] ohci-platform: OHCI generic platform driver
[    1.084366] uhci_hcd: USB Universal Host Controller Interface driver
[    1.084987] i8042: PNP: PS/2 Controller [PNP0303:PS2K,PNP0f03:PS2M] at 0x60,0x64 irq 1,12
[    1.086395] serio: i8042 KBD port at 0x60,0x64 irq 1
[    1.086895] serio: i8042 AUX port at 0x60,0x64 irq 12
[    1.087507] mousedev: PS/2 mouse device common for all mice
[    1.088378] input: AT Translated Set 2 keyboard as /devices/platform/i8042/serio0/input/input2
[    1.089730] rtc_cmos rtc_cmos: rtc core: registered rtc_cmos as rtc0
[    1.090371] rtc_cmos rtc_cmos: alarms up to one day, 114 bytes nvram
[    1.090924] i2c /dev entries driver
[    1.091415] device-mapper: uevent: version 1.0.3
[    1.091979] device-mapper: ioctl: 4.34.0-ioctl (2015-10-28) initialised: dm-devel@redhat.com
[    1.092887] ledtrig-cpu: registered to indicate activity on CPUs
[    1.093730] NET: Registered protocol family 10
[    1.094352] NET: Registered protocol family 17
[    1.094840] Key type dns_resolver registered
[    1.095533] registered taskstats version 1
[    1.096034] Loading compiled-in X.509 certificates
[    1.097129] Loaded X.509 cert 'Build time autogenerated kernel key: 196df9006c77aed2ee3d80d8cb8bc0fc33590e01'
[    1.098056] zswap: loaded using pool lzo/zbud
[    1.100629] Key type trusted registered
[    1.103962] Key type encrypted registered
[    1.104422] AppArmor: AppArmor sha1 policy hashing enabled
[    1.104914] ima: No TPM chip found, activating TPM-bypass!
[    1.105416] ima: Allocated hash algorithm: sha1
[    1.105889] evm: HMAC attrs: 0x1
[    1.106726]   Magic number: 15:825:477
[    1.107231] rtc_cmos rtc_cmos: setting system clock to 2019-12-24 10:28:00 UTC (1577183280)
[    1.108131] BIOS EDD facility v0.16 2004-Jun-25, 0 devices found
[    1.108641] EDD information not available.
[    1.109136] PM: Hibernation image not present or could not be loaded.
[    1.174814] ata2.00: ATAPI: VBOX CD-ROM, 1.0, max UDMA/133
[    1.176092] ata2.00: configured for UDMA/33
[    1.177366] scsi 1:0:0:0: CD-ROM            VBOX     CD-ROM           1.0  PQ: 0 ANSI: 5
[    1.187007] sr 1:0:0:0: [sr0] scsi3-mmc drive: 32x/32x xa/form2 tray
[    1.187686] cdrom: Uniform CD-ROM driver Revision: 3.20
[    1.188616] sr 1:0:0:0: Attached scsi CD-ROM sr0
[    1.188810] sr 1:0:0:0: Attached scsi generic sg0 type 5
[    1.190639] Freeing unused kernel memory: 1492K
[    1.202313] Write protecting the kernel read-only data: 14336k
[    1.203298] Freeing unused kernel memory: 1840K
[    1.209934] Freeing unused kernel memory: 72K
[    1.226876] systemd-udevd[106]: starting version 204
[    1.249001] e1000: Intel(R) PRO/1000 Network Driver - version 7.3.21-k8-NAPI
[    1.249658] e1000: Copyright (c) 1999-2006 Intel Corporation.
[    1.487594] input: ImExPS/2 Generic Explorer Mouse as /devices/platform/i8042/serio1/input/input4
[    1.493975] usb 1-1: new full-speed USB device number 2 using ohci-pci
[    1.676164] e1000 0000:00:03.0 eth0: (PCI:33MHz:32-bit) 08:00:27:e0:8d:4e
[    1.676713] e1000 0000:00:03.0 eth0: Intel(R) PRO/1000 Network Connection
[    1.677273] ahci 0000:00:0d.0: version 3.0
[    1.677918] ahci 0000:00:0d.0: SSS flag set, parallel bus scan disabled
[    1.678619] ahci 0000:00:0d.0: AHCI 0001.0100 32 slots 1 ports 3 Gbps 0x1 impl SATA mode
[    1.679447] ahci 0000:00:0d.0: flags: 64bit ncq stag only ccc 
[    1.681938] scsi host2: ahci
[    1.682465] ata3: SATA max UDMA/133 abar m8192@0xf1806000 port 0xf1806100 irq 21
[    1.784227] usb 1-1: New USB device found, idVendor=80ee, idProduct=0021
[    1.785053] usb 1-1: New USB device strings: Mfr=1, Product=3, SerialNumber=0
[    1.785866] usb 1-1: Product: USB Tablet
[    1.786501] usb 1-1: Manufacturer: VirtualBox
[    1.794164] hidraw: raw HID events driver (C) Jiri Kosina
[    1.809997] usbcore: registered new interface driver usbhid
[    1.810516] usbhid: USB HID core driver
[    1.816619] input: VirtualBox USB Tablet as /devices/pci0000:00/0000:00:06.0/usb1/1-1/1-1:1.0/0003:80EE:0021.0001/input/input5
[    1.817736] hid-generic 0003:80EE:0021.0001: input,hidraw0: USB HID v1.10 Mouse [VirtualBox USB Tablet] on usb-0000:00:06.0-1/input0
[    1.982368] tsc: Refined TSC clocksource calibration: 1798.878 MHz
[    1.983384] clocksource: tsc: mask: 0xffffffffffffffff max_cycles: 0x19ee05be531, max_idle_ns: 440795277716 ns
[    2.002502] ata3: SATA link up 3.0 Gbps (SStatus 123 SControl 300)
[    2.003782] ata3.00: ATA-6: VBOX HARDDISK, 1.0, max UDMA/133
[    2.004747] ata3.00: 20971520 sectors, multi 128: LBA48 NCQ (depth 31/32)
[    2.006250] ata3.00: configured for UDMA/133
[    2.007916] scsi 2:0:0:0: Direct-Access     ATA      VBOX HARDDISK    1.0  PQ: 0 ANSI: 5
[    2.032409] sd 2:0:0:0: [sda] 20971520 512-byte logical blocks: (10.7 GB/10.0 GiB)
[    2.033169] sd 2:0:0:0: [sda] Write Protect is off
[    2.033591] sd 2:0:0:0: [sda] Mode Sense: 00 3a 00 00
[    2.033603] sd 2:0:0:0: [sda] Write cache: enabled, read cache: enabled, doesn't support DPO or FUA
[    2.034779] sd 2:0:0:0: Attached scsi generic sg1 type 0
[    2.053484]  sda: sda1 sda2 < sda5 >
[    2.054129] sd 2:0:0:0: [sda] Attached SCSI disk
[    2.078087] random: lvm: uninitialized urandom read (4 bytes read, 29 bits of entropy available)
[    2.087393] random: lvm: uninitialized urandom read (4 bytes read, 31 bits of entropy available)
[    2.100133] random: lvm: uninitialized urandom read (2 bytes read, 31 bits of entropy available)
[    2.133456] EXT4-fs (dm-0): INFO: recovery required on readonly filesystem
[    2.133955] EXT4-fs (dm-0): write access will be enabled during recovery
[    2.180291] EXT4-fs (dm-0): recovery complete
[    2.182462] EXT4-fs (dm-0): mounted filesystem with ordered data mode. Opts: (null)
[    2.252646] random: init: uninitialized urandom read (12 bytes read, 58 bits of entropy available)
[    2.280036] init: plymouth-upstart-bridge main process (190) terminated with status 1
[    2.281536] init: plymouth-upstart-bridge main process ended, respawning
[    2.314720] init: plymouth-upstart-bridge main process (201) terminated with status 1
[    2.315938] init: plymouth-upstart-bridge main process ended, respawning
[    2.579033] random: mountall: uninitialized urandom read (12 bytes read, 92 bits of entropy available)
[    2.824604] Adding 1048572k swap on /dev/mapper/versa--networks--vg-swap_1.  Priority:-1 extents:1 across:1048572k FS
[    2.974954] systemd-udevd[312]: starting version 204
[    3.138040] random: nonblocking pool is initialized
[    3.174151] lp: driver loaded but no devices found
[    3.192153] EXT4-fs (dm-0): re-mounted. Opts: errors=remount-ro
[    3.290690] ACPI: Video Device [GFX0] (multi-head: yes  rom: no  post: no)
[    3.290837] input: Video Bus as /devices/LNXSYSTM:00/LNXSYBUS:00/PNP0A03:00/LNXVIDEO:00/input/input6
[    3.460173] piix4_smbus 0000:00:07.0: SMBus Host Controller at 0x4100, revision 0
[    3.639095] EXT4-fs (sda1): mounting ext2 file system using the ext4 subsystem
[    3.644585] EXT4-fs (sda1): mounted filesystem without journal. Opts: (null)
[    3.922686] vgdrvHeartbeatInit: Setting up heartbeat to trigger every 2000 milliseconds
[    3.956688] input: Unspecified device as /devices/pci0000:00/0000:00:04.0/input/input7
[    3.958512] vboxguest: misc device minor 55, IRQ 20, I/O port d040, MMIO at 00000000f1400000 (size 0x400000)
[    3.958518] vboxguest: Successfully loaded version 5.0.18_Ubuntu (interface 0x00010004)
[    4.263590] audit: type=1400 audit(1577183283.654:2): apparmor="STATUS" operation="profile_load" profile="unconfined" name="/sbin/dhclient" pid=436 comm="apparmor_parser"
[    4.263598] audit: type=1400 audit(1577183283.654:3): apparmor="STATUS" operation="profile_load" profile="unconfined" name="/usr/lib/NetworkManager/nm-dhcp-client.action" pid=436 comm="apparmor_parser"
[    4.263603] audit: type=1400 audit(1577183283.654:4): apparmor="STATUS" operation="profile_load" profile="unconfined" name="/usr/lib/connman/scripts/dhclient-script" pid=436 comm="apparmor_parser"
[    4.320432] [drm] Initialized drm 1.1.0 20060810
[    4.544757] IPv6: ADDRCONF(NETDEV_UP): eth0: link is not ready
[    4.546779] e1000: eth0 NIC Link is Up 1000 Mbps Full Duplex, Flow Control: RX
[    4.547330] IPv6: ADDRCONF(NETDEV_CHANGE): eth0: link becomes ready
[    4.791631] snd_intel8x0 0000:00:05.0: disable (unknown or VT-d) VM optimization
[    4.945049] AVX2 version of gcm_enc/dec engaged.
[    4.945049] AES CTR mode by8 optimization enabled
[    5.100653] snd_intel8x0 0000:00:05.0: white list rate for 1028:0177 is 48000
[    5.114875] [drm] DMA map mode: Using physical TTM page addresses.
[    5.114933] [drm] Capabilities:
[    5.114933] [drm]   Cursor.
[    5.114934] [drm]   Cursor bypass 2.
[    5.114934] [drm]   Alpha cursor.
[    5.114934] [drm]   3D.
[    5.114935] [drm]   Extended Fifo.
[    5.114935] [drm]   Pitchlock.
[    5.114935] [drm]   Irq mask.
[    5.114936] [drm]   GMR.
[    5.114936] [drm]   Traces.
[    5.114937] [drm]   GMR2.
[    5.114937] [drm]   Screen Object 2.
[    5.114938] [drm] Max GMR ids is 8192
[    5.114939] [drm] Max number of GMR pages is 1048576
[    5.114939] [drm] Max dedicated hypervisor surface memory is 507904 kiB
[    5.114940] [drm] Maximum display memory size is 16384 kiB
[    5.114941] [drm] VRAM at 0xf0000000 size is 16384 kiB
[    5.114941] [drm] MMIO at 0xf1000000 size is 2048 kiB
[    5.114943] [drm] global init.
[    5.116389] [TTM] Zone  kernel: Available graphics memory: 508044 kiB
[    5.116390] [TTM] Initializing pool allocator
[    5.116394] [TTM] Initializing DMA pool allocator
[    5.116504] [drm] Supports vblank timestamp caching Rev 2 (21.10.2013).
[    5.116505] [drm] No driver support for vblank timestamp query.
[    5.119084] [drm] Screen Objects Display Unit initialized
[    5.119161] [drm] width 720
[    5.119176] [drm] height 400
[    5.119190] [drm] bpp 32
[    5.119464] [drm] Fifo max 0x00200000 min 0x00001000 cap 0x00000355
[    5.119472] [drm] DX: no.
[    5.170425] intel_rapl: no valid rapl domains found in package 0
[    5.551168] fbcon: svgadrmfb (fb0) is primary device
[    5.640860] Console: switching to colour frame buffer device 100x37
[    5.667710] [drm] Initialized vmwgfx 2.9.0 20150810 for 0000:00:02.0 on minor 0
[    6.919333] init: failsafe main process (486) killed by TERM signal
[    7.011660] audit: type=1400 audit(1577183286.402:5): apparmor="STATUS" operation="profile_replace" profile="unconfined" name="/sbin/dhclient" pid=899 comm="apparmor_parser"
[    7.011667] audit: type=1400 audit(1577183286.402:6): apparmor="STATUS" operation="profile_replace" profile="unconfined" name="/usr/lib/NetworkManager/nm-dhcp-client.action" pid=899 comm="apparmor_parser"
[    7.011672] audit: type=1400 audit(1577183286.402:7): apparmor="STATUS" operation="profile_replace" profile="unconfined" name="/usr/lib/connman/scripts/dhclient-script" pid=899 comm="apparmor_parser"
[    7.014067] audit: type=1400 audit(1577183286.402:8): apparmor="STATUS" operation="profile_load" profile="unconfined" name="/usr/sbin/tcpdump" pid=901 comm="apparmor_parser"
