[    0.000000] Initializing cgroup subsys cpuset
[    0.000000] Initializing cgroup subsys cpu
[    0.000000] Initializing cgroup subsys cpuacct
[    0.000000] Linux version 4.4.0-142-generic (buildd@lcy01-amd64-006) (gcc version 4.8.4 (Ubuntu 4.8.4-2ubuntu1~14.04.4) ) #168~14.04.1-Ubuntu SMP Sat Jan 19 11:26:28 UTC 2019 (Ubuntu 4.4.0-142.168~14.04.1-generic 4.4.167)
[    0.000000] Command line: BOOT_IMAGE=/vmlinuz-4.4.0-142-generic root=/dev/mapper/versa--networks--vg-root ro
[    0.000000] KERNEL supported cpus:
[    0.000000]   Intel GenuineIntel
[    0.000000]   AMD AuthenticAMD
[    0.000000]   Centaur CentaurHauls
[    0.000000] x86/fpu: xstate_offset[2]:  576, xstate_sizes[2]:  256
[    0.000000] x86/fpu: Supporting XSAVE feature 0x01: 'x87 floating point registers'
[    0.000000] x86/fpu: Supporting XSAVE feature 0x02: 'SSE registers'
[    0.000000] x86/fpu: Supporting XSAVE feature 0x04: 'AVX registers'
[    0.000000] x86/fpu: Enabled xstate features 0x7, context size is 832 bytes, using 'standard' format.
[    0.000000] e820: BIOS-provided physical RAM map:
[    0.000000] BIOS-e820: [mem 0x0000000000000000-0x000000000009fbff] usable
[    0.000000] BIOS-e820: [mem 0x000000000009fc00-0x000000000009ffff] reserved
[    0.000000] BIOS-e820: [mem 0x00000000000f0000-0x00000000000fffff] reserved
[    0.000000] BIOS-e820: [mem 0x0000000000100000-0x000000003ffeffff] usable
[    0.000000] BIOS-e820: [mem 0x000000003fff0000-0x000000003fffffff] ACPI data
[    0.000000] BIOS-e820: [mem 0x00000000fec00000-0x00000000fec00fff] reserved
[    0.000000] BIOS-e820: [mem 0x00000000fee00000-0x00000000fee00fff] reserved
[    0.000000] BIOS-e820: [mem 0x00000000fffc0000-0x00000000ffffffff] reserved
[    0.000000] NX (Execute Disable) protection: active
[    0.000000] SMBIOS 2.5 present.
[    0.000000] DMI: innotek GmbH VirtualBox/VirtualBox, BIOS VirtualBox 12/01/2006
[    0.000000] Hypervisor detected: KVM
[    0.000000] e820: update [mem 0x00000000-0x00000fff] usable ==> reserved
[    0.000000] e820: remove [mem 0x000a0000-0x000fffff] usable
[    0.000000] e820: last_pfn = 0x3fff0 max_arch_pfn = 0x400000000
[    0.000000] MTRR default type: uncachable
[    0.000000] MTRR variable ranges disabled:
[    0.000000] MTRR: Disabled
[    0.000000] x86/PAT: MTRRs disabled, skipping PAT initialization too.
[    0.000000] CPU MTRRs all blank - virtualized system.
[    0.000000] x86/PAT: Configuration [0-7]: WB  WT  UC- UC  WB  WT  UC- UC  
[    0.000000] found SMP MP-table at [mem 0x0009fff0-0x0009ffff] mapped at [ffff88000009fff0]
[    0.000000] Scanning 1 areas for low memory corruption
[    0.000000] Base memory trampoline at [ffff880000098000] 98000 size 28672
[    0.000000] BRK [0x02219000, 0x02219fff] PGTABLE
[    0.000000] BRK [0x0221a000, 0x0221afff] PGTABLE
[    0.000000] BRK [0x0221b000, 0x0221bfff] PGTABLE
[    0.000000] BRK [0x0221c000, 0x0221cfff] PGTABLE
[    0.000000] RAMDISK: [mem 0x3501c000-0x36805fff]
[    0.000000] ACPI: Early table checksum verification disabled
[    0.000000] ACPI: RSDP 0x00000000000E0000 000024 (v02 VBOX  )
[    0.000000] ACPI: XSDT 0x000000003FFF0030 00003C (v01 VBOX   VBOXXSDT 00000001 ASL  00000061)
[    0.000000] ACPI: FACP 0x000000003FFF00F0 0000F4 (v04 VBOX   VBOXFACP 00000001 ASL  00000061)
[    0.000000] ACPI: DSDT 0x000000003FFF0470 0022EA (v02 VBOX   VBOXBIOS 00000002 INTL 20100528)
[    0.000000] ACPI: FACS 0x000000003FFF0200 000040
[    0.000000] ACPI: FACS 0x000000003FFF0200 000040
[    0.000000] ACPI: APIC 0x000000003FFF0240 000054 (v02 VBOX   VBOXAPIC 00000001 ASL  00000061)
[    0.000000] ACPI: SSDT 0x000000003FFF02A0 0001CC (v01 VBOX   VBOXCPUT 00000002 INTL 20100528)
[    0.000000] ACPI: Local APIC address 0xfee00000
[    0.000000] No NUMA configuration found
[    0.000000] Faking a node at [mem 0x0000000000000000-0x000000003ffeffff]
[    0.000000] NODE_DATA(0) allocated [mem 0x3ffeb000-0x3ffeffff]
[    0.000000] kvm-clock: Using msrs 4b564d01 and 4b564d00
[    0.000000] kvm-clock: cpu 0, msr 0:3ffe3001, primary cpu clock
[    0.000000] kvm-clock: using sched offset of 5521064238 cycles
[    0.000000] clocksource: kvm-clock: mask: 0xffffffffffffffff max_cycles: 0x1cd42e4dffb, max_idle_ns: 881590591483 ns
[    0.000000] Zone ranges:
[    0.000000]   DMA      [mem 0x0000000000001000-0x0000000000ffffff]
[    0.000000]   DMA32    [mem 0x0000000001000000-0x000000003ffeffff]
[    0.000000]   Normal   empty
[    0.000000]   Device   empty
[    0.000000] Movable zone start for each node
[    0.000000] Early memory node ranges
[    0.000000]   node   0: [mem 0x0000000000001000-0x000000000009efff]
[    0.000000]   node   0: [mem 0x0000000000100000-0x000000003ffeffff]
[    0.000000] Initmem setup node 0 [mem 0x0000000000001000-0x000000003ffeffff]
[    0.000000] On node 0 totalpages: 262030
[    0.000000]   DMA zone: 64 pages used for memmap
[    0.000000]   DMA zone: 22 pages reserved
[    0.000000]   DMA zone: 3998 pages, LIFO batch:0
[    0.000000]   DMA32 zone: 4032 pages used for memmap
[    0.000000]   DMA32 zone: 258032 pages, LIFO batch:31
[    0.000000] ACPI: PM-Timer IO Port: 0x4008
[    0.000000] ACPI: Local APIC address 0xfee00000
[    0.000000] IOAPIC[0]: apic_id 1, version 32, address 0xfec00000, GSI 0-23
[    0.000000] ACPI: INT_SRC_OVR (bus 0 bus_irq 0 global_irq 2 dfl dfl)
[    0.000000] ACPI: INT_SRC_OVR (bus 0 bus_irq 9 global_irq 9 low level)
[    0.000000] ACPI: IRQ0 used by override.
[    0.000000] ACPI: IRQ9 used by override.
[    0.000000] Using ACPI (MADT) for SMP configuration information
[    0.000000] smpboot: Allowing 1 CPUs, 0 hotplug CPUs
[    0.000000] PM: Registered nosave memory: [mem 0x00000000-0x00000fff]
[    0.000000] PM: Registered nosave memory: [mem 0x0009f000-0x0009ffff]
[    0.000000] PM: Registered nosave memory: [mem 0x000a0000-0x000effff]
[    0.000000] PM: Registered nosave memory: [mem 0x000f0000-0x000fffff]
[    0.000000] e820: [mem 0x40000000-0xfebfffff] available for PCI devices
[    0.000000] Booting paravirtualized kernel on KVM
[    0.000000] clocksource: refined-jiffies: mask: 0xffffffff max_cycles: 0xffffffff, max_idle_ns: 7645519600211568 ns
[    0.000000] setup_percpu: NR_CPUS:512 nr_cpumask_bits:512 nr_cpu_ids:1 nr_node_ids:1
[    0.000000] PERCPU: Embedded 34 pages/cpu @ffff88003fc00000 s99480 r8192 d31592 u2097152
[    0.000000] pcpu-alloc: s99480 r8192 d31592 u2097152 alloc=1*2097152
[    0.000000] pcpu-alloc: [0] 0 
[    0.000000] Built 1 zonelists in Node order, mobility grouping on.  Total pages: 257912
[    0.000000] Policy zone: DMA32
[    0.000000] Kernel command line: BOOT_IMAGE=/vmlinuz-4.4.0-142-generic root=/dev/mapper/versa--networks--vg-root ro
[    0.000000] PID hash table entries: 4096 (order: 3, 32768 bytes)
[    0.000000] Calgary: detecting Calgary via BIOS EBDA area
[    0.000000] Calgary: Unable to locate Rio Grande table in EBDA - bailing!
[    0.000000] Memory: 988164K/1048120K available (8390K kernel code, 1341K rwdata, 4024K rodata, 1492K init, 1316K bss, 59956K reserved, 0K cma-reserved)
[    0.000000] SLUB: HWalign=64, Order=0-3, MinObjects=0, CPUs=1, Nodes=1
[    0.000000] Kernel/User page tables isolation: enabled
[    0.000000] Hierarchical RCU implementation.
[    0.000000] 	Build-time adjustment of leaf fanout to 64.
[    0.000000] 	RCU restricting CPUs from NR_CPUS=512 to nr_cpu_ids=1.
[    0.000000] RCU: Adjusting geometry for rcu_fanout_leaf=64, nr_cpu_ids=1
[    0.000000] NR_IRQS:33024 nr_irqs:256 16
[    0.000000] Console: colour VGA+ 80x25
[    0.000000] console [tty0] enabled
[    0.000000] tsc: Detected 1800.001 MHz processor
[    0.080842] Calibrating delay loop (skipped) preset value.. 3600.00 BogoMIPS (lpj=7200004)
[    0.081596] pid_max: default: 32768 minimum: 301
[    0.082042] ACPI: Core revision 20150930
[    0.084290] ACPI: 2 ACPI AML tables successfully acquired and loaded
[    0.084839] Security Framework initialized
[    0.085194] Yama: becoming mindful.
[    0.085587] AppArmor: AppArmor initialized
[    0.086029] Dentry cache hash table entries: 131072 (order: 8, 1048576 bytes)
[    0.086606] Inode-cache hash table entries: 65536 (order: 7, 524288 bytes)
[    0.087101] Mount-cache hash table entries: 2048 (order: 2, 16384 bytes)
[    0.087531] Mountpoint-cache hash table entries: 2048 (order: 2, 16384 bytes)
[    0.088186] Initializing cgroup subsys io
[    0.088541] Initializing cgroup subsys memory
[    0.088908] Initializing cgroup subsys devices
[    0.089275] Initializing cgroup subsys freezer
[    0.089640] Initializing cgroup subsys net_cls
[    0.090007] Initializing cgroup subsys perf_event
[    0.090381] Initializing cgroup subsys net_prio
[    0.090772] Initializing cgroup subsys hugetlb
[    0.091218] Initializing cgroup subsys pids
[    0.092841] mce: CPU supports 0 MCE banks
[    0.093219] process: using mwait in idle threads
[    0.093607] Last level iTLB entries: 4KB 64, 2MB 8, 4MB 8
[    0.094004] Last level dTLB entries: 4KB 64, 2MB 0, 4MB 0, 1GB 4
[    0.094413] Spectre V2 : Mitigation: Full generic retpoline
[    0.094811] Spectre V2 : Spectre v2 / SpectreRSB mitigation: Filling RSB on context switch
[    0.095476] Speculative Store Bypass: Vulnerable
[    0.124692] Freeing SMP alternatives memory: 32K
[    0.131423] ftrace: allocating 32313 entries in 127 pages
[    0.200436] smpboot: APIC(0) Converting physical 0 to logical package 0
[    0.200876] smpboot: Max logical packages: 1
[    0.201503] x2apic enabled
[    0.202052] Switched APIC routing to physical x2apic.
[    0.203926] ..TIMER: vector=0x30 apic1=0 pin1=2 apic2=-1 pin2=-1
[    0.304832] APIC calibration not consistent with PM-Timer: 98ms instead of 100ms
[    0.305489] APIC delta adjusted to PM-Timer: 6286291 (6222911)
[    0.305956] smpboot: CPU0: Intel(R) Core(TM) i5-8250U CPU @ 1.60GHz (family: 0x6, model: 0x8e, stepping: 0xa)
[    0.306853] Performance Events: unsupported p6 CPU model 142 no PMU driver, software events only.
[    0.318573] KVM setup paravirtual spinlock
[    0.319563] x86: Booted up 1 node, 1 CPUs
[    0.319918] smpboot: Total of 1 processors activated (3600.00 BogoMIPS)
[    0.320589] devtmpfs: initialized
[    0.322716] evm: security.selinux
[    0.323052] evm: security.SMACK64
[    0.323387] evm: security.SMACK64EXEC
[    0.323729] evm: security.SMACK64TRANSMUTE
[    0.324083] evm: security.SMACK64MMAP
[    0.324424] evm: security.ima
[    0.324745] evm: security.capability
[    0.325255] clocksource: jiffies: mask: 0xffffffff max_cycles: 0xffffffff, max_idle_ns: 7645041785100000 ns
[    0.325968] futex hash table entries: 256 (order: 2, 16384 bytes)
[    0.326448] pinctrl core: initialized pinctrl subsystem
[    0.327252] RTC time:  6:59:42, date: 12/23/19
[    0.327788] NET: Registered protocol family 16
[    0.328287] cpuidle: using governor ladder
[    0.328644] cpuidle: using governor menu
[    0.329028] PCCT header not found.
[    0.329441] ACPI: bus type PCI registered
[    0.329804] acpiphp: ACPI Hot Plug PCI Controller Driver version: 0.5
[    0.330357] PCI: Using configuration type 1 for base access
[    0.332420] ACPI: Added _OSI(Module Device)
[    0.332787] ACPI: Added _OSI(Processor Device)
[    0.333156] ACPI: Added _OSI(3.0 _SCP Extensions)
[    0.333636] ACPI: Added _OSI(Processor Aggregator Device)
[    0.334742] ACPI: Executed 1 blocks of module-level executable AML code
[    0.337428] ACPI: Interpreter enabled
[    0.337780] ACPI: (supports S0 S5)
[    0.338140] ACPI: Using IOAPIC for interrupt routing
[    0.338681] PCI: Using host bridge windows from ACPI; if necessary, use "pci=nocrs" and report a bug
[    0.343114] ACPI: PCI Root Bridge [PCI0] (domain 0000 [bus 00-ff])
[    0.343540] acpi PNP0A03:00: _OSC: OS supports [ASPM ClockPM Segments MSI]
[    0.344300] acpi PNP0A03:00: _OSC: not requesting OS control; OS requires [ExtendedConfig ASPM ClockPM MSI]
[    0.345019] acpi PNP0A03:00: fail to add MMCONFIG information, can't access extended PCI configuration space under this bridge.
[    0.346062] PCI host bridge to bus 0000:00
[    0.346419] pci_bus 0000:00: root bus resource [io  0x0000-0x0cf7 window]
[    0.346846] pci_bus 0000:00: root bus resource [io  0x0d00-0xffff window]
[    0.347508] pci_bus 0000:00: root bus resource [mem 0x000a0000-0x000bffff window]
[    0.348151] pci_bus 0000:00: root bus resource [mem 0x40000000-0xfdffffff window]
[    0.348792] pci_bus 0000:00: root bus resource [bus 00-ff]
[    0.349230] pci 0000:00:00.0: [8086:1237] type 00 class 0x060000
[    0.349816] pci 0000:00:01.0: [8086:7000] type 00 class 0x060100
[    0.350511] pci 0000:00:01.1: [8086:7111] type 00 class 0x01018a
[    0.350947] pci 0000:00:01.1: reg 0x20: [io  0xd000-0xd00f]
[    0.351130] pci 0000:00:01.1: legacy IDE quirk: reg 0x10: [io  0x01f0-0x01f7]
[    0.351576] pci 0000:00:01.1: legacy IDE quirk: reg 0x14: [io  0x03f6]
[    0.352007] pci 0000:00:01.1: legacy IDE quirk: reg 0x18: [io  0x0170-0x0177]
[    0.352441] pci 0000:00:01.1: legacy IDE quirk: reg 0x1c: [io  0x0376]
[    0.353068] pci 0000:00:02.0: [15ad:0405] type 00 class 0x030000
[    0.354179] pci 0000:00:02.0: reg 0x10: [io  0xd010-0xd01f]
[    0.355020] pci 0000:00:02.0: reg 0x14: [mem 0xf0000000-0xf0ffffff]
[    0.355684] pci 0000:00:02.0: reg 0x18: [mem 0xf1000000-0xf11fffff]
[    0.359589] pci 0000:00:03.0: [8086:100e] type 00 class 0x020000
[    0.360287] pci 0000:00:03.0: reg 0x10: [mem 0xf1200000-0xf121ffff]
[    0.361177] pci 0000:00:03.0: reg 0x18: [io  0xd020-0xd027]
[    0.362953] pci 0000:00:04.0: [80ee:cafe] type 00 class 0x088000
[    0.363458] pci 0000:00:04.0: reg 0x10: [io  0xd040-0xd05f]
[    0.363965] pci 0000:00:04.0: reg 0x14: [mem 0xf1400000-0xf17fffff]
[    0.364396] pci 0000:00:04.0: reg 0x18: [mem 0xf1800000-0xf1803fff pref]
[    0.366011] pci 0000:00:05.0: [8086:2415] type 00 class 0x040100
[    0.366201] pci 0000:00:05.0: reg 0x10: [io  0xd100-0xd1ff]
[    0.366287] pci 0000:00:05.0: reg 0x14: [io  0xd200-0xd23f]
[    0.366915] pci 0000:00:06.0: [106b:003f] type 00 class 0x0c0310
[    0.367331] pci 0000:00:06.0: reg 0x10: [mem 0xf1804000-0xf1804fff]
[    0.369464] pci 0000:00:07.0: [8086:7113] type 00 class 0x068000
[    0.370004] pci 0000:00:07.0: quirk: [io  0x4000-0x403f] claimed by PIIX4 ACPI
[    0.380671] pci 0000:00:07.0: quirk: [io  0x4100-0x410f] claimed by PIIX4 SMB
[    0.381448] pci 0000:00:0d.0: [8086:2829] type 00 class 0x010601
[    0.382338] pci 0000:00:0d.0: reg 0x10: [io  0xd240-0xd247]
[    0.382997] pci 0000:00:0d.0: reg 0x14: [io  0xd248-0xd24b]
[    0.383554] pci 0000:00:0d.0: reg 0x18: [io  0xd250-0xd257]
[    0.383970] pci 0000:00:0d.0: reg 0x1c: [io  0xd258-0xd25b]
[    0.384351] pci 0000:00:0d.0: reg 0x20: [io  0xd260-0xd26f]
[    0.384726] pci 0000:00:0d.0: reg 0x24: [mem 0xf1806000-0xf1807fff]
[    0.386505] ACPI: PCI Interrupt Link [LNKA] (IRQs 5 9 10 *11)
[    0.387450] ACPI: PCI Interrupt Link [LNKB] (IRQs 5 9 *10 11)
[    0.388237] ACPI: PCI Interrupt Link [LNKC] (IRQs 5 *9 10 11)
[    0.389048] ACPI: PCI Interrupt Link [LNKD] (IRQs 5 9 10 *11)
[    0.389877] ACPI: Enabled 2 GPEs in block 00 to 07
[    0.390587] vgaarb: setting as boot device: PCI:0000:00:02.0
[    0.391022] vgaarb: device added: PCI:0000:00:02.0,decodes=io+mem,owns=io+mem,locks=none
[    0.391731] vgaarb: loaded
[    0.392058] vgaarb: bridge control possible 0000:00:02.0
[    0.392729] SCSI subsystem initialized
[    0.393122] libata version 3.00 loaded.
[    0.393149] ACPI: bus type USB registered
[    0.393535] usbcore: registered new interface driver usbfs
[    0.393947] usbcore: registered new interface driver hub
[    0.394343] usbcore: registered new device driver usb
[    0.394850] PCI: Using ACPI for IRQ routing
[    0.395207] PCI: pci_cache_line_size set to 64 bytes
[    0.395626] e820: reserve RAM buffer [mem 0x0009fc00-0x0009ffff]
[    0.395631] e820: reserve RAM buffer [mem 0x3fff0000-0x3fffffff]
[    0.395747] NetLabel: Initializing
[    0.396083] NetLabel:  domain hash size = 128
[    0.396441] NetLabel:  protocols = UNLABELED CIPSOv4
[    0.396840] NetLabel:  unlabeled traffic allowed by default
[    0.397309] amd_nb: Cannot enumerate AMD northbridges
[    0.397734] clocksource: Switched to clocksource kvm-clock
[    0.410456] AppArmor: AppArmor Filesystem Enabled
[    0.410896] pnp: PnP ACPI init
[    0.411285] pnp 00:00: Plug and Play ACPI device, IDs PNP0303 (active)
[    0.411349] pnp 00:01: Plug and Play ACPI device, IDs PNP0f03 (active)
[    0.411958] pnp: PnP ACPI: found 2 devices
[    0.420898] clocksource: acpi_pm: mask: 0xffffff max_cycles: 0xffffff, max_idle_ns: 2085701024 ns
[    0.421637] pci_bus 0000:00: resource 4 [io  0x0000-0x0cf7 window]
[    0.421639] pci_bus 0000:00: resource 5 [io  0x0d00-0xffff window]
[    0.421641] pci_bus 0000:00: resource 6 [mem 0x000a0000-0x000bffff window]
[    0.421643] pci_bus 0000:00: resource 7 [mem 0x40000000-0xfdffffff window]
[    0.421672] NET: Registered protocol family 2
[    0.422199] TCP established hash table entries: 8192 (order: 4, 65536 bytes)
[    0.422646] TCP bind hash table entries: 8192 (order: 5, 131072 bytes)
[    0.423095] TCP: Hash tables configured (established 8192 bind 8192)
[    0.423538] UDP hash table entries: 512 (order: 2, 16384 bytes)
[    0.423966] UDP-Lite hash table entries: 512 (order: 2, 16384 bytes)
[    0.424538] NET: Registered protocol family 1
[    0.424971] pci 0000:00:00.0: Limiting direct PCI/PCI transfers
[    0.425409] pci 0000:00:01.0: Activating ISA DMA hang workarounds
[    0.425868] pci 0000:00:02.0: Video device with shadowed ROM
[    0.427149] PCI: CLS 0 bytes, default 64
[    0.427198] Unpacking initramfs...
[    0.778699] Freeing initrd memory: 24488K
[    0.779232] platform rtc_cmos: registered platform RTC device (no PNP device found)
[    0.779909] Scanning for low memory corruption every 60 seconds
[    0.780541] audit: initializing netlink subsys (disabled)
[    0.780942] audit: type=2000 audit(1577084389.712:1): initialized
[    0.781584] Initialise system trusted keyring
[    0.782014] HugeTLB registered 2 MB page size, pre-allocated 0 pages
[    0.783665] zbud: loaded
[    0.784294] VFS: Disk quotas dquot_6.6.0
[    0.784670] VFS: Dquot-cache hash table entries: 512 (order 0, 4096 bytes)
[    0.785305] squashfs: version 4.0 (2009/01/31) Phillip Lougher
[    0.785885] fuse init (API version 7.23)
[    0.786372] Key type big_key registered
[    0.786735] Allocating IMA MOK and blacklist keyrings.
[    0.787300] Key type asymmetric registered
[    0.787659] Asymmetric key parser 'x509' registered
[    0.788082] Block layer SCSI generic (bsg) driver version 0.4 loaded (major 249)
[    0.788743] io scheduler noop registered
[    0.789138] io scheduler deadline registered (default)
[    0.789548] io scheduler cfq registered
[    0.789983] pci_hotplug: PCI Hot Plug PCI Core version: 0.5
[    0.790379] pciehp: PCI Express Hot Plug Controller Driver version: 0.4
[    0.790956] ACPI: AC Adapter [AC] (on-line)
[    0.791361] input: Power Button as /devices/LNXSYSTM:00/LNXPWRBN:00/input/input0
[    0.792006] ACPI: Power Button [PWRF]
[    0.792413] input: Sleep Button as /devices/LNXSYSTM:00/LNXSLPBN:00/input/input1
[    0.793054] ACPI: Sleep Button [SLPF]
[    0.794183] ACPI: Battery Slot [BAT0] (battery present)
[    0.794602] GHES: HEST is not enabled!
[    0.795033] Serial: 8250/16550 driver, 32 ports, IRQ sharing enabled
[    0.796401] Linux agpgart interface v0.103
[    0.800444] loop: module loaded
[    0.801272] ata_piix 0000:00:01.1: version 2.13
[    0.801674] scsi host0: ata_piix
[    0.802062] scsi host1: ata_piix
[    0.802428] ata1: PATA max UDMA/33 cmd 0x1f0 ctl 0x3f6 bmdma 0xd000 irq 14
[    0.802856] ata2: PATA max UDMA/33 cmd 0x170 ctl 0x376 bmdma 0xd008 irq 15
[    0.803698] libphy: Fixed MDIO Bus: probed
[    0.804058] tun: Universal TUN/TAP device driver, 1.6
[    0.804438] tun: (C) 1999-2004 Max Krasnyansky <maxk@qualcomm.com>
[    0.804954] PPP generic driver version 2.4.2
[    0.805450] ehci_hcd: USB 2.0 'Enhanced' Host Controller (EHCI) Driver
[    0.805877] ehci-pci: EHCI PCI platform driver
[    0.806261] ehci-platform: EHCI generic platform driver
[    0.806689] ohci_hcd: USB 1.1 'Open' Host Controller (OHCI) Driver
[    0.807104] ohci-pci: OHCI PCI platform driver
[    0.808354] ohci-pci 0000:00:06.0: OHCI PCI host controller
[    0.808758] ohci-pci 0000:00:06.0: new USB bus registered, assigned bus number 1
[    0.809458] ohci-pci 0000:00:06.0: irq 22, io mem 0xf1804000
[    0.867050] usb usb1: New USB device found, idVendor=1d6b, idProduct=0001
[    0.867491] usb usb1: New USB device strings: Mfr=3, Product=2, SerialNumber=1
[    0.868163] usb usb1: Product: OHCI PCI host controller
[    0.868548] usb usb1: Manufacturer: Linux 4.4.0-142-generic ohci_hcd
[    0.869263] usb usb1: SerialNumber: 0000:00:06.0
[    0.869762] hub 1-0:1.0: USB hub found
[    0.870120] hub 1-0:1.0: 12 ports detected
[    0.870848] ohci-platform: OHCI generic platform driver
[    0.871247] uhci_hcd: USB Universal Host Controller Interface driver
[    0.871720] i8042: PNP: PS/2 Controller [PNP0303:PS2K,PNP0f03:PS2M] at 0x60,0x64 irq 1,12
[    0.872960] serio: i8042 KBD port at 0x60,0x64 irq 1
[    0.873384] serio: i8042 AUX port at 0x60,0x64 irq 12
[    0.874036] mousedev: PS/2 mouse device common for all mice
[    0.874760] input: AT Translated Set 2 keyboard as /devices/platform/i8042/serio0/input/input2
[    0.875797] rtc_cmos rtc_cmos: rtc core: registered rtc_cmos as rtc0
[    0.876266] rtc_cmos rtc_cmos: alarms up to one day, 114 bytes nvram
[    0.876712] i2c /dev entries driver
[    0.877093] device-mapper: uevent: version 1.0.3
[    0.877531] device-mapper: ioctl: 4.34.0-ioctl (2015-10-28) initialised: dm-devel@redhat.com
[    0.878212] ledtrig-cpu: registered to indicate activity on CPUs
[    0.878852] NET: Registered protocol family 10
[    0.879380] NET: Registered protocol family 17
[    0.879755] Key type dns_resolver registered
[    0.880298] registered taskstats version 1
[    0.880680] Loading compiled-in X.509 certificates
[    0.881547] Loaded X.509 cert 'Build time autogenerated kernel key: 196df9006c77aed2ee3d80d8cb8bc0fc33590e01'
[    0.882270] zswap: loaded using pool lzo/zbud
[    0.884052] Key type trusted registered
[    0.886677] Key type encrypted registered
[    0.887036] AppArmor: AppArmor sha1 policy hashing enabled
[    0.887445] ima: No TPM chip found, activating TPM-bypass!
[    0.887839] ima: Allocated hash algorithm: sha1
[    0.888230] evm: HMAC attrs: 0x1
[    0.889182]   Magic number: 15:841:974
[    0.889660] rtc_cmos rtc_cmos: setting system clock to 2019-12-23 06:59:43 UTC (1577084383)
[    0.890524] BIOS EDD facility v0.16 2004-Jun-25, 0 devices found
[    0.890964] EDD information not available.
[    0.891383] PM: Hibernation image not present or could not be loaded.
[    0.962734] ata2.00: ATAPI: VBOX CD-ROM, 1.0, max UDMA/133
[    0.964059] ata2.00: configured for UDMA/33
[    0.965483] scsi 1:0:0:0: CD-ROM            VBOX     CD-ROM           1.0  PQ: 0 ANSI: 5
[    0.975008] sr 1:0:0:0: [sr0] scsi3-mmc drive: 32x/32x xa/form2 tray
[    0.975775] cdrom: Uniform CD-ROM driver Revision: 3.20
[    0.976844] sr 1:0:0:0: Attached scsi CD-ROM sr0
[    0.977023] sr 1:0:0:0: Attached scsi generic sg0 type 5
[    0.978747] Freeing unused kernel memory: 1492K
[    0.989785] Write protecting the kernel read-only data: 14336k
[    0.991198] Freeing unused kernel memory: 1840K
[    0.992120] Freeing unused kernel memory: 72K
[    1.010420] systemd-udevd[106]: starting version 204
[    1.029508] e1000: Intel(R) PRO/1000 Network Driver - version 7.3.21-k8-NAPI
[    1.030142] e1000: Copyright (c) 1999-2006 Intel Corporation.
[    1.251759] input: ImExPS/2 Generic Explorer Mouse as /devices/platform/i8042/serio1/input/input4
[    1.296331] usb 1-1: new full-speed USB device number 2 using ohci-pci
[    1.436127] e1000 0000:00:03.0 eth0: (PCI:33MHz:32-bit) 08:00:27:e0:8d:4e
[    1.436721] e1000 0000:00:03.0 eth0: Intel(R) PRO/1000 Network Connection
[    1.437328] ahci 0000:00:0d.0: version 3.0
[    1.438068] ahci 0000:00:0d.0: SSS flag set, parallel bus scan disabled
[    1.438839] ahci 0000:00:0d.0: AHCI 0001.0100 32 slots 1 ports 3 Gbps 0x1 impl SATA mode
[    1.439745] ahci 0000:00:0d.0: flags: 64bit ncq stag only ccc 
[    1.442224] scsi host2: ahci
[    1.442717] ata3: SATA max UDMA/133 abar m8192@0xf1806000 port 0xf1806100 irq 21
[    1.562659] usb 1-1: New USB device found, idVendor=80ee, idProduct=0021
[    1.563460] usb 1-1: New USB device strings: Mfr=1, Product=3, SerialNumber=0
[    1.564332] usb 1-1: Product: USB Tablet
[    1.565082] usb 1-1: Manufacturer: VirtualBox
[    1.575331] hidraw: raw HID events driver (C) Jiri Kosina
[    1.592082] usbcore: registered new interface driver usbhid
[    1.592596] usbhid: USB HID core driver
[    1.599760] input: VirtualBox USB Tablet as /devices/pci0000:00/0000:00:06.0/usb1/1-1/1-1:1.0/0003:80EE:0021.0001/input/input5
[    1.600787] hid-generic 0003:80EE:0021.0001: input,hidraw0: USB HID v1.10 Mouse [VirtualBox USB Tablet] on usb-0000:00:06.0-1/input0
[    1.762630] ata3: SATA link up 3.0 Gbps (SStatus 123 SControl 300)
[    1.764075] ata3.00: ATA-6: VBOX HARDDISK, 1.0, max UDMA/133
[    1.765138] ata3.00: 20971520 sectors, multi 128: LBA48 NCQ (depth 31/32)
[    1.767349] ata3.00: configured for UDMA/133
[    1.789753] tsc: Refined TSC clocksource calibration: 1799.571 MHz
[    1.790491] clocksource: tsc: mask: 0xffffffffffffffff max_cycles: 0x19f0944ad7c, max_idle_ns: 440795276788 ns
[    1.791722] scsi 2:0:0:0: Direct-Access     ATA      VBOX HARDDISK    1.0  PQ: 0 ANSI: 5
[    1.792925] sd 2:0:0:0: [sda] 20971520 512-byte logical blocks: (10.7 GB/10.0 GiB)
[    1.793981] sd 2:0:0:0: [sda] Write Protect is off
[    1.794540] sd 2:0:0:0: [sda] Mode Sense: 00 3a 00 00
[    1.794775] sd 2:0:0:0: Attached scsi generic sg1 type 0
[    1.795419] sd 2:0:0:0: [sda] Write cache: enabled, read cache: enabled, doesn't support DPO or FUA
[    1.800678]  sda: sda1 sda2 < sda5 >
[    1.801286] sd 2:0:0:0: [sda] Attached SCSI disk
[    1.828209] random: lvm: uninitialized urandom read (4 bytes read, 28 bits of entropy available)
[    1.838849] random: lvm: uninitialized urandom read (4 bytes read, 30 bits of entropy available)
[    1.852919] random: lvm: uninitialized urandom read (2 bytes read, 30 bits of entropy available)
[    1.887812] EXT4-fs (dm-0): INFO: recovery required on readonly filesystem
[    1.888272] EXT4-fs (dm-0): write access will be enabled during recovery
[    2.026258] EXT4-fs (dm-0): orphan cleanup on readonly fs
[    2.026964] EXT4-fs (dm-0): 1 orphan inode deleted
[    2.027341] EXT4-fs (dm-0): recovery complete
[    2.029437] EXT4-fs (dm-0): mounted filesystem with ordered data mode. Opts: (null)
[    2.090517] random: init: uninitialized urandom read (12 bytes read, 91 bits of entropy available)
[    2.115194] init: plymouth-upstart-bridge main process (190) terminated with status 1
[    2.116004] init: plymouth-upstart-bridge main process ended, respawning
[    2.130178] init: plymouth-upstart-bridge main process (200) terminated with status 1
[    2.130999] init: plymouth-upstart-bridge main process ended, respawning
[    2.181189] random: mountall: uninitialized urandom read (12 bytes read, 98 bits of entropy available)
[    2.356505] Adding 1048572k swap on /dev/mapper/versa--networks--vg-swap_1.  Priority:-1 extents:1 across:1048572k FS
[    2.464629] EXT4-fs (dm-0): re-mounted. Opts: errors=remount-ro
[    2.482622] systemd-udevd[314]: starting version 204
[    2.545741] random: nonblocking pool is initialized
[    2.639909] lp: driver loaded but no devices found
[    2.835800] piix4_smbus 0000:00:07.0: SMBus Host Controller at 0x4100, revision 0
[    2.837308] vgdrvHeartbeatInit: Setting up heartbeat to trigger every 2000 milliseconds
[    2.838216] input: Unspecified device as /devices/pci0000:00/0000:00:04.0/input/input6
[    2.840679] vboxguest: misc device minor 55, IRQ 20, I/O port d040, MMIO at 00000000f1400000 (size 0x400000)
[    2.840682] vboxguest: Successfully loaded version 5.0.18_Ubuntu (interface 0x00010004)
[    2.868722] ACPI: Video Device [GFX0] (multi-head: yes  rom: no  post: no)
[    2.868815] input: Video Bus as /devices/LNXSYSTM:00/LNXSYBUS:00/PNP0A03:00/LNXVIDEO:00/input/input7
[    2.970946] EXT4-fs (sda1): mounting ext2 file system using the ext4 subsystem
[    2.987625] EXT4-fs (sda1): mounted filesystem without journal. Opts: (null)
[    3.171805] [drm] Initialized drm 1.1.0 20060810
[    3.217505] audit: type=1400 audit(1577084385.823:2): apparmor="STATUS" operation="profile_load" profile="unconfined" name="/sbin/dhclient" pid=421 comm="apparmor_parser"
[    3.217510] audit: type=1400 audit(1577084385.823:3): apparmor="STATUS" operation="profile_load" profile="unconfined" name="/usr/lib/NetworkManager/nm-dhcp-client.action" pid=421 comm="apparmor_parser"
[    3.217514] audit: type=1400 audit(1577084385.823:4): apparmor="STATUS" operation="profile_load" profile="unconfined" name="/usr/lib/connman/scripts/dhclient-script" pid=421 comm="apparmor_parser"
[    3.223479] snd_intel8x0 0000:00:05.0: disable (unknown or VT-d) VM optimization
[    3.485477] IPv6: ADDRCONF(NETDEV_UP): eth0: link is not ready
[    3.486317] e1000: eth0 NIC Link is Up 1000 Mbps Full Duplex, Flow Control: RX
[    3.486618] IPv6: ADDRCONF(NETDEV_CHANGE): eth0: link becomes ready
[    3.497197] snd_intel8x0 0000:00:05.0: white list rate for 1028:0177 is 48000
[    3.517265] AVX2 version of gcm_enc/dec engaged.
[    3.517269] AES CTR mode by8 optimization enabled
[    3.531131] [drm] DMA map mode: Using physical TTM page addresses.
[    3.531170] [drm] Capabilities:
[    3.531171] [drm]   Cursor.
[    3.531172] [drm]   Cursor bypass 2.
[    3.531173] [drm]   Alpha cursor.
[    3.531174] [drm]   3D.
[    3.531174] [drm]   Extended Fifo.
[    3.531175] [drm]   Pitchlock.
[    3.531176] [drm]   Irq mask.
[    3.531177] [drm]   GMR.
[    3.531177] [drm]   Traces.
[    3.531178] [drm]   GMR2.
[    3.531179] [drm]   Screen Object 2.
[    3.531180] [drm] Max GMR ids is 8192
[    3.531181] [drm] Max number of GMR pages is 1048576
[    3.531182] [drm] Max dedicated hypervisor surface memory is 507904 kiB
[    3.531183] [drm] Maximum display memory size is 16384 kiB
[    3.531184] [drm] VRAM at 0xf0000000 size is 16384 kiB
[    3.531185] [drm] MMIO at 0xf1000000 size is 2048 kiB
[    3.531187] [drm] global init.
[    3.542039] [TTM] Zone  kernel: Available graphics memory: 508044 kiB
[    3.542041] [TTM] Initializing pool allocator
[    3.542045] [TTM] Initializing DMA pool allocator
[    3.542133] [drm] Supports vblank timestamp caching Rev 2 (21.10.2013).
[    3.542135] [drm] No driver support for vblank timestamp query.
[    3.566099] [drm] Screen Objects Display Unit initialized
[    3.566166] [drm] width 720
[    3.566177] [drm] height 400
[    3.566187] [drm] bpp 32
[    3.566463] [drm] Fifo max 0x00200000 min 0x00001000 cap 0x00000355
[    3.566473] [drm] DX: no.
[    3.751933] intel_rapl: no valid rapl domains found in package 0
[    4.444354] fbcon: svgadrmfb (fb0) is primary device
[    4.528255] Console: switching to colour frame buffer device 100x37
[    4.547281] [drm] Initialized vmwgfx 2.9.0 20150810 for 0000:00:02.0 on minor 0
[    4.691646] init: failsafe main process (491) killed by TERM signal
[    5.645354] audit: type=1400 audit(1577084388.251:5): apparmor="STATUS" operation="profile_replace" profile="unconfined" name="/sbin/dhclient" pid=896 comm="apparmor_parser"
[    5.645362] audit: type=1400 audit(1577084388.251:6): apparmor="STATUS" operation="profile_replace" profile="unconfined" name="/usr/lib/NetworkManager/nm-dhcp-client.action" pid=896 comm="apparmor_parser"
[    5.645368] audit: type=1400 audit(1577084388.251:7): apparmor="STATUS" operation="profile_replace" profile="unconfined" name="/usr/lib/connman/scripts/dhclient-script" pid=896 comm="apparmor_parser"
[    5.650149] audit: type=1400 audit(1577084388.259:8): apparmor="STATUS" operation="profile_load" profile="unconfined" name="/usr/sbin/tcpdump" pid=898 comm="apparmor_parser"
[ 4075.624252] e1000: eth0 NIC Link is Down
[ 4077.628618] e1000: eth0 NIC Link is Up 1000 Mbps Full Duplex, Flow Control: RX
